src/components/layout/sync-backup.tsx(1,95): error TS6133: 'Calendar' is declared but its value is never read.
